
USER@LAPTOP-U19JE0N3 MINGW64 ~/Desktop/test1 (master)
$ ^[[200~echo "# ITP-SukWahHo-Test-1" >> README.md
git remote add origin https://github.com/JenniferHH/ITP-SukWahHo-Test-1.git
git push -u origin mainbash: $'\E[200~echo': command not found

USER@LAPTOP-U19JE0N3 MINGW64 ~/Desktop/test1 (master)
$ git init
Reinitialized existing Git repository in C:/Users/USER/Desktop/test1/.git/

USER@LAPTOP-U19JE0N3 MINGW64 ~/Desktop/test1 (master)
$ git add README.md

USER@LAPTOP-U19JE0N3 MINGW64 ~/Desktop/test1 (master)
$ git commit -m "first commit"
[master (root-commit) 2116a7e] first commit
 1 file changed, 0 insertions(+), 0 deletions(-)
 create mode 100644 README.md

USER@LAPTOP-U19JE0N3 MINGW64 ~/Desktop/test1 (master)
$ git branch -M main

USER@LAPTOP-U19JE0N3 MINGW64 ~/Desktop/test1 (main)
$ git remote add origin https://github.com/JenniferHH/ITP-SukWahHo-Test-1.git

USER@LAPTOP-U19JE0N3 MINGW64 ~/Desktop/test1 (main)
$ git push -u origin main
Enumerating objects: 3, done.
Counting objects: 100% (3/3), done.
Writing objects: 100% (3/3), 220 bytes | 220.00 KiB/s, done.
Total 3 (delta 0), reused 0 (delta 0), pack-reused 0
To https://github.com/JenniferHH/ITP-SukWahHo-Test-1.git
 * [new branch]      main -> main
branch 'main' set up to track 'origin/main'.

USER@LAPTOP-U19JE0N3 MINGW64 ~/Desktop/test1 (main)
$ git add .

USER@LAPTOP-U19JE0N3 MINGW64 ~/Desktop/test1 (main)
$ git  commit -m "v1"
[main e701f98] v1
 3 files changed, 0 insertions(+), 0 deletions(-)
 create mode 100644 Suk Wah Ho 22083285 problem1.py
 create mode 100644 Suk Wah Ho 22083285 problem2.py
 create mode 100644 Suk Wah Ho 22083285 problem3.py

USER@LAPTOP-U19JE0N3 MINGW64 ~/Desktop/test1 (main)
$ git push orgin main --force
fatal: 'orgin' does not appear to be a git repository
fatal: Could not read from remote repository.

Please make sure you have the correct access rights
and the repository exists.

USER@LAPTOP-U19JE0N3 MINGW64 ~/Desktop/test1 (main)
$ git push -u orgin main --force
fatal: 'orgin' does not appear to be a git repository
fatal: Could not read from remote repository.

Please make sure you have the correct access rights
and the repository exists.

USER@LAPTOP-U19JE0N3 MINGW64 ~/Desktop/test1 (main)
$ git push -f -u orgin main --force
fatal: 'orgin' does not appear to be a git repository
fatal: Could not read from remote repository.

Please make sure you have the correct access rights
and the repository exists.

USER@LAPTOP-U19JE0N3 MINGW64 ~/Desktop/test1 (main)
$ git add .

USER@LAPTOP-U19JE0N3 MINGW64 ~/Desktop/test1 (main)
$ git  commit -m "v1"
[main 788b6dd] v1
 1 file changed, 1 insertion(+)

USER@LAPTOP-U19JE0N3 MINGW64 ~/Desktop/test1 (main)
$ git push orgin main --force
fatal: 'orgin' does not appear to be a git repository
fatal: Could not read from remote repository.

Please make sure you have the correct access rights
and the repository exists.

USER@LAPTOP-U19JE0N3 MINGW64 ~/Desktop/test1 (main)
$ git remote set-url https://github.com/JenniferHH/ITP-SukWahHo-Test-1
usage: git remote set-url [--push] <name> <newurl> [<oldurl>]
   or: git remote set-url --add <name> <newurl>
   or: git remote set-url --delete <name> <url>

    --push                manipulate push URLs
    --add                 add URL
    --delete              delete URLs


USER@LAPTOP-U19JE0N3 MINGW64 ~/Desktop/test1 (main)
$ git add.
git: 'add.' is not a git command. See 'git --help'.

The most similar command is
        add

USER@LAPTOP-U19JE0N3 MINGW64 ~/Desktop/test1 (main)
$ git commit -m"v1"
On branch main
Your branch is ahead of 'origin/main' by 2 commits.
  (use "git push" to publish your local commits)

nothing to commit, working tree clean

USER@LAPTOP-U19JE0N3 MINGW64 ~/Desktop/test1 (main)
$ git add .

USER@LAPTOP-U19JE0N3 MINGW64 ~/Desktop/test1 (main)
$ git commit -m "v1"
On branch main
Your branch is ahead of 'origin/main' by 2 commits.
  (use "git push" to publish your local commits)

nothing to commit, working tree clean

USER@LAPTOP-U19JE0N3 MINGW64 ~/Desktop/test1 (main)
$ git push orgin main --force
fatal: 'orgin' does not appear to be a git repository
fatal: Could not read from remote repository.

Please make sure you have the correct access rights
and the repository exists.

USER@LAPTOP-U19JE0N3 MINGW64 ~/Desktop/test1 (main)
$ git remote origin set-url https://github.com/JenniferHH/ITP-SukWahHo-Test-1
error: unknown subcommand: `origin'
usage: git remote [-v | --verbose]
   or: git remote add [-t <branch>] [-m <master>] [-f] [--tags | --no-tags] [--mirror=<fetch|push>] <name> <url>
   or: git remote rename [--[no-]progress] <old> <new>
   or: git remote remove <name>
   or: git remote set-head <name> (-a | --auto | -d | --delete | <branch>)
   or: git remote [-v | --verbose] show [-n] <name>
   or: git remote prune [-n | --dry-run] <name>
   or: git remote [-v | --verbose] update [-p | --prune] [(<group> | <remote>)...]
   or: git remote set-branches [--add] <name> <branch>...
   or: git remote get-url [--push] [--all] <name>
   or: git remote set-url [--push] <name> <newurl> [<oldurl>]
   or: git remote set-url --add <name> <newurl>
   or: git remote set-url --delete <name> <url>

    -v, --verbose         be verbose; must be placed before a subcommand


USER@LAPTOP-U19JE0N3 MINGW64 ~/Desktop/test1 (main)
$ git add .

USER@LAPTOP-U19JE0N3 MINGW64 ~/Desktop/test1 (main)
$ git commit -m "v1"
On branch main
Your branch is ahead of 'origin/main' by 2 commits.
  (use "git push" to publish your local commits)

nothing to commit, working tree clean

USER@LAPTOP-U19JE0N3 MINGW64 ~/Desktop/test1 (main)
$ git push orgin main --force
fatal: 'orgin' does not appear to be a git repository
fatal: Could not read from remote repository.

Please make sure you have the correct access rights
and the repository exists.

USER@LAPTOP-U19JE0N3 MINGW64 ~/Desktop/test1 (main)
$ git push origin main --force
Enumerating objects: 6, done.
Counting objects: 100% (6/6), done.
Delta compression using up to 12 threads
Compressing objects: 100% (4/4), done.
Writing objects: 100% (5/5), 500 bytes | 500.00 KiB/s, done.
Total 5 (delta 1), reused 0 (delta 0), pack-reused 0
remote: Resolving deltas: 100% (1/1), done.
To https://github.com/JenniferHH/ITP-SukWahHo-Test-1.git
   2116a7e..788b6dd  main -> main

USER@LAPTOP-U19JE0N3 MINGW64 ~/Desktop/test1 (main)
$ git add .

USER@LAPTOP-U19JE0N3 MINGW64 ~/Desktop/test1 (main)
$ git commit -m "v2"
[main 13c81ba] v2
 1 file changed, 1 insertion(+), 1 deletion(-)

USER@LAPTOP-U19JE0N3 MINGW64 ~/Desktop/test1 (main)
$ git push origin main --force
Enumerating objects: 5, done.
Counting objects: 100% (5/5), done.
Delta compression using up to 12 threads
Compressing objects: 100% (2/2), done.
Writing objects: 100% (3/3), 260 bytes | 260.00 KiB/s, done.
Total 3 (delta 1), reused 0 (delta 0), pack-reused 0
remote: Resolving deltas: 100% (1/1), completed with 1 local object.
To https://github.com/JenniferHH/ITP-SukWahHo-Test-1.git
   788b6dd..13c81ba  main -> main

USER@LAPTOP-U19JE0N3 MINGW64 ~/Desktop/test1 (main)
$ ^C

USER@LAPTOP-U19JE0N3 MING